/Users/adityakumarmahanta/Desktop/HospitalManagementSystem/src/main/java/com/hms/dao/AppointmentDAO.java
/Users/adityakumarmahanta/Desktop/HospitalManagementSystem/src/main/java/com/hms/dao/BaseDAO.java
/Users/adityakumarmahanta/Desktop/HospitalManagementSystem/src/main/java/com/hms/dao/BillDAO.java
/Users/adityakumarmahanta/Desktop/HospitalManagementSystem/src/main/java/com/hms/dao/DoctorDAO.java
/Users/adityakumarmahanta/Desktop/HospitalManagementSystem/src/main/java/com/hms/dao/PatientDAO.java
/Users/adityakumarmahanta/Desktop/HospitalManagementSystem/src/main/java/com/hms/dao/UserDAO.java
/Users/adityakumarmahanta/Desktop/HospitalManagementSystem/src/main/java/com/hms/entity/Appointment.java
/Users/adityakumarmahanta/Desktop/HospitalManagementSystem/src/main/java/com/hms/entity/Bill.java
/Users/adityakumarmahanta/Desktop/HospitalManagementSystem/src/main/java/com/hms/entity/Doctor.java
/Users/adityakumarmahanta/Desktop/HospitalManagementSystem/src/main/java/com/hms/entity/Patient.java
/Users/adityakumarmahanta/Desktop/HospitalManagementSystem/src/main/java/com/hms/entity/User.java
/Users/adityakumarmahanta/Desktop/HospitalManagementSystem/src/main/java/com/hms/filter/AuthFilter.java
/Users/adityakumarmahanta/Desktop/HospitalManagementSystem/src/main/java/com/hms/servlet/AdminDashboardServlet.java
/Users/adityakumarmahanta/Desktop/HospitalManagementSystem/src/main/java/com/hms/servlet/AppointmentServlet.java
/Users/adityakumarmahanta/Desktop/HospitalManagementSystem/src/main/java/com/hms/servlet/BillingServlet.java
/Users/adityakumarmahanta/Desktop/HospitalManagementSystem/src/main/java/com/hms/servlet/DoctorDashboardServlet.java
/Users/adityakumarmahanta/Desktop/HospitalManagementSystem/src/main/java/com/hms/servlet/DoctorLoginServlet.java
/Users/adityakumarmahanta/Desktop/HospitalManagementSystem/src/main/java/com/hms/servlet/DoctorServlet.java
/Users/adityakumarmahanta/Desktop/HospitalManagementSystem/src/main/java/com/hms/servlet/LoginServlet.java
/Users/adityakumarmahanta/Desktop/HospitalManagementSystem/src/main/java/com/hms/servlet/LogoutServlet.java
/Users/adityakumarmahanta/Desktop/HospitalManagementSystem/src/main/java/com/hms/servlet/PatientDashboardServlet.java
/Users/adityakumarmahanta/Desktop/HospitalManagementSystem/src/main/java/com/hms/servlet/PatientHistoryServlet.java
/Users/adityakumarmahanta/Desktop/HospitalManagementSystem/src/main/java/com/hms/servlet/PatientLoginServlet.java
/Users/adityakumarmahanta/Desktop/HospitalManagementSystem/src/main/java/com/hms/servlet/PatientServlet.java
/Users/adityakumarmahanta/Desktop/HospitalManagementSystem/src/main/java/com/hms/servlet/ReceptionistDashboardServlet.java
/Users/adityakumarmahanta/Desktop/HospitalManagementSystem/src/main/java/com/hms/servlet/StaffServlet.java
/Users/adityakumarmahanta/Desktop/HospitalManagementSystem/src/main/java/com/hms/util/DataInitializer.java
/Users/adityakumarmahanta/Desktop/HospitalManagementSystem/src/main/java/com/hms/util/HibernateUtil.java
/Users/adityakumarmahanta/Desktop/HospitalManagementSystem/src/main/java/com/hms/util/NotificationService.java
